// Jest Snapshot v1, https://goo.gl/fbAQLP

exports[`SelectField Page Markup 1`] = `
"<!DOCTYPE html><html lang="ru"><head>
		<title>[TEST FORM OBJECT] Select Field Form ⁕ Protosite Core</title>

		<link rel="preload" href="http://assets.protosite.rocks/core/component.select.css" as="style">
		<link rel="preload" href="http://assets.protosite.rocks/fonts/iconic/iconic-sm.ttf" as="font" type="font/ttf" crossorigin="">

		<link href="http://assets.protosite.rocks/fonts/iconic/stylesheet.css" rel="stylesheet" type="text/css">
		<link href="http://assets.protosite.rocks/uikit/document.css" rel="stylesheet" type="text/css">
		<link href="http://assets.protosite.rocks/uikit/utilities.css" rel="stylesheet" type="text/css">
		<link href="http://assets.protosite.rocks/uikit/component/panel.css" rel="stylesheet" type="text/css">
		
		<script src="../component.select.mjs" type="module"></script>
		<style>
			.u-container {
				padding-block-start: 25dvh;
			}

			.u-grid {
				display: grid;
				grid-template-columns: 1fr 1fr;
				gap: 8vmin;
				justify-content: space-around;
				align-items: center;

				.c-panel {
					text-align: center;
				}

				.c-panel:not([aria-hidden=true]) + .c-panel {
					margin-top: unset;
				}
			}


			hr:first-of-type {
				margin-block-start: 8dvh;
			}
		</style>
	</head>
	<body class="t-document">
		<main class="u-container" data-testid="container">
			<form enctype="text/plain" data-testid="main-form">
				<div class="u-grid">
					<section class="c-panel s-clean">
						<c-select aria-label="Выбран:" aria-placeholder="Фрукт на выбор..." name="fruit-name" aria-atomic="true" aria-expanded="false" exportparts="selectedcontent listbox" id="" role="combobox" tabindex="0" aria-owns="option-ye7485 option-9m63t6 option-bch8bm option-t3y3b5 option-7kok3b option-xatat2 option-7hkp64 option-y16b95 option-cm6ta9 option-4h7145 option-9eae52 option-oeomo4 option-ab82ty option-t9c6p2 option-k7t8b5 option-9y75x9 option-khcapc option-oamtko option-h4h372 option-e3y687 option-5po65x option-3eo87a option-ohoyct option-5534xx option-591yo7 option-cp86y7 option-yc7a7t option-38xtoh option-exoc2y option-ce6bam option-h87oxb option-p1m3px option-68ty81 option-co5135 option-5t96at">
							<div role="option" value="Durian" aria-selected="false" id="option-ye7485">Дуриан</div>
							<div role="option" value="Mangosteen" aria-selected="false" id="option-9m63t6">Мангостин</div>
							<div role="option" value="Lychee" aria-selected="false" id="option-bch8bm">Личи</div>
							<div role="option" value="Jackfruit" aria-selected="false" id="option-t3y3b5">Джекфрут</div>
							<div role="option" value="Papaya" aria-selected="false" id="option-7kok3b">Папайя</div>
							<div role="option" value="Mango" aria-selected="false" id="option-xatat2">Манго</div>
							<div role="option" value="Rambutan" aria-selected="false" id="option-7hkp64">Рамбутан</div>
							<div role="option" value="Longan" aria-selected="false" id="option-y16b95">Лонган</div>
							<div role="option" value="Carambola" aria-selected="false" id="option-cm6ta9">Карамбола</div>
							<div role="option" value="Pitaya" aria-selected="false" id="option-4h7145">Питайя</div>
							<div role="option" value="Ackee" aria-selected="false" id="option-9eae52">Аки</div>
							<div role="option" value="Chompoo" aria-selected="false" id="option-oeomo4">Чомпу</div>
							<div role="option" value="Sugar Apple" aria-selected="false" id="option-ab82ty">Сахарное яблоко</div>
							<div role="option" value="Sapodilla" aria-selected="false" id="option-t9c6p2">Саподилла</div>
							<div role="option" value="Guava" aria-selected="false" id="option-k7t8b5">Гуава</div>
							<div role="option" value="Kiwano" aria-selected="false" id="option-9y75x9">Кивано</div>
							<div role="option" value="Bael" aria-selected="false" id="option-khcapc">Баиль</div>
							<div role="option" value="Salak" aria-selected="false" id="option-oamtko">Салак</div>
							<div role="option" value="Bambangan" aria-selected="false" id="option-h4h372">Бам-балан</div>
							<div role="option" value="Ambarella" aria-selected="false" id="option-e3y687">Амбарелла</div>
							<div role="option" value="Citron" aria-selected="false" id="option-5po65x">Цитрон</div>
							<div role="option" value="Kumquat" aria-selected="false" id="option-3eo87a">Кумкват</div>
							<div role="option" value="Marula" aria-selected="false" id="option-ohoyct">Марула</div>
							<div role="option" value="Tamarind" aria-selected="false" id="option-5534xx">Тамаринд</div>
							<div role="option" value="Miracle Fruit" aria-selected="false" id="option-591yo7">Магический фрукт</div>
							<div role="option" value="Noni" aria-selected="false" id="option-cp86y7">Нони</div>
							<div role="option" value="Soursop" aria-selected="false" id="option-yc7a7t">Сметанное яблоко</div>
							<div role="option" value="Naranjilla" aria-selected="false" id="option-38xtoh">Наранхилла</div>
							<div role="option" value="Mamey" aria-selected="false" id="option-exoc2y">Мамея</div>
							<div role="option" value="Pepino Dulce" aria-selected="false" id="option-ce6bam">Пепино</div>
							<div role="option" value="Milky Fruit" aria-selected="false" id="option-h87oxb">Милкифрут</div>
							<div role="option" value="Marang" aria-selected="false" id="option-p1m3px">Маранг</div>
							<div role="option" value="Cupuasu" aria-selected="false" id="option-68ty81">Купуасу</div>
							<div role="option" value="Curuba" aria-selected="false" id="option-co5135">Куруба</div>
							<div role="option" value="Jabuticaba" aria-selected="false" id="option-5t96at">Жаботикаба</div>
						</c-select>
					</section>
					<section class="c-panel">
						<c-select aria-label="Выбран:" aria-placeholder="Цветок на выбор..." name="flower-name" aria-atomic="true" aria-expanded="false" exportparts="selectedcontent listbox" id="" role="combobox" tabindex="0" aria-owns="option-p8ec6k option-89bm75 option-mb38mc option-mm46m3 option-32m4c6 option-1eop21 option-9txb9h option-1mhx9h option-eh9atm option-44h1ep option-k212mp option-t2xk3o option-6pp9hb option-4y3hc5 option-a198b2 option-ketyxa option-31m4a3 option-a547t1 option-269hh4 option-t1byc2 option-e81ob8 option-921711 option-h742m1 option-29e1e2 option-15368o option-57m45p option-95a41p option-o6aehx option-2tbx6c option-4am3tk option-xmmpt8 option-p7cm84 option-7mp486 option-et8om1 option-ek3c8t option-o83pem option-p7o1em option-2cxxck option-15kta7 option-a9k3he">
							<div role="option" value="Anemone" aria-selected="false" id="option-p8ec6k">Анемон</div>
							<div role="option" value="Allium" aria-selected="false" id="option-89bm75">Аллиум</div>
							<div role="option" value="Amaryllis" aria-selected="false" id="option-mb38mc">Амариллис</div>
							<div role="option" value="Pineapple" aria-selected="false" id="option-mm46m3">Ананас</div>
							<div role="option" value="Aster" aria-selected="false" id="option-32m4c6">Астер</div>
							<div role="option" value="Astilba" aria-selected="false" id="option-1eop21">Астильба</div>
							<div role="option" value="Brassica" aria-selected="false" id="option-9txb9h">Брассика</div>
							<div role="option" value="Bouvardia" aria-selected="false" id="option-1mhx9h">Бувардия</div>
							<div role="option" value="Wanda" aria-selected="false" id="option-eh9atm">Ванда</div>
							<div role="option" value="Veronika" aria-selected="false" id="option-44h1ep">Вероника</div>
							<div role="option" value="Viburnum" aria-selected="false" id="option-k212mp">Вибурнум</div>
							<div role="option" value="Genista" aria-selected="false" id="option-t2xk3o">Гениста</div>
							<div role="option" value="Hydrangea" aria-selected="false" id="option-6pp9hb">Гортензия</div>
							<div role="option" value="Hypericum" aria-selected="false" id="option-4y3hc5">Гиперикум</div>
							<div role="option" value="Hyacinth" aria-selected="false" id="option-a198b2">Гиацинт</div>
							<div role="option" value="Delphinium" aria-selected="false" id="option-ketyxa">Дельфиниум</div>
							<div role="option" value="Calla Lilies" aria-selected="false" id="option-31m4a3">Каллы</div>
							<div role="option" value="Kohia" aria-selected="false" id="option-a547t1">Кохия</div>
							<div role="option" value="Clematis" aria-selected="false" id="option-269hh4">Клематис</div>
							<div role="option" value="Leukadendron" aria-selected="false" id="option-t1byc2">Леукадендрон</div>
							<div role="option" value="Leukospermum" aria-selected="false" id="option-e81ob8">Леукоспермум</div>
							<div role="option" value="Limonium" aria-selected="false" id="option-921711">Лимониум</div>
							<div role="option" value="Mattiola" aria-selected="false" id="option-h742m1">Маттиола</div>
							<div role="option" value="Mimosa" aria-selected="false" id="option-29e1e2">Мимоза</div>
							<div role="option" value="Ozothamnus" aria-selected="false" id="option-15368o">Озотамнус</div>
							<div role="option" value="Ornithogalum" aria-selected="false" id="option-57m45p">Орнитогалум</div>
							<div role="option" value="Skimiya" aria-selected="false" id="option-95a41p">Скимия</div>
							<div role="option" value="Solidago" aria-selected="false" id="option-o6aehx">Солидаго</div>
							<div role="option" value="Strelitzia" aria-selected="false" id="option-2tbx6c">Стрелиция</div>
							<div role="option" value="Sunflower" aria-selected="false" id="option-4am3tk">Подсолнух</div>
							<div role="option" value="Protea" aria-selected="false" id="option-xmmpt8">Протея</div>
							<div role="option" value="Wheat" aria-selected="false" id="option-p7cm84">Пшеница</div>
							<div role="option" value="Ranunculus" aria-selected="false" id="option-7mp486">Ранункулюс</div>
							<div role="option" value="Thanacetum" aria-selected="false" id="option-et8om1">Танацетум</div>
							<div role="option" value="Tweedy" aria-selected="false" id="option-ek3c8t">Твидия</div>
							<div role="option" value="Trachelium" aria-selected="false" id="option-o83pem">Трахелиум</div>
							<div role="option" value="Celosia" aria-selected="false" id="option-p7o1em">Целозия</div>
							<div role="option" value="Freesia" aria-selected="false" id="option-2cxxck">Фрезия</div>
							<div role="option" value="Heleborus" aria-selected="false" id="option-15kta7">Хелеборус</div>
							<div role="option" value="Eringium" aria-selected="false" id="option-a9k3he">Эрингиум</div>
						</c-select>
					</section>
				</div>
				<hr>
				<output data-testid="output"></output>
				<hr>
				<section class="c-panel s-clean u-text-center">
					<button data-testid="submitter" type="submit">Вывести данные формы</button>
					<button type="reset">Сбросить форму</button>
				</section>
			</form>
			<script>
				const $component = document.querySelector('[data-testid=target-component]')
				const $form = document.querySelector('[data-testid=main-form]')
				const $output = document.querySelector('[data-testid=output]')
				const $submitter = $form.querySelector('[data-testid=submitter]')

				$form.addEventListener('submit', event => {
					event.preventDefault()
					const $data = document.createElement('pre')
					const formData = new FormData($form, $submitter)

					console.log($form.elements)
					console.log(Array.from(formData.keys()), Array.from(formData.values()))

					for (const [key, value] of formData) {
						$data.textContent += \`\${key}: \${value}\\n\`;
					}
					$output.prepend($data)
				})
			</script>
		</main>
	

</body></html>"
`;
