// Jest Snapshot v1, https://goo.gl/fbAQLP

exports[`AvatarElement markup 1`] = `
<body>
  <c-avatar
    class="u-display-contents"
  >
    
		
    <figure
      class="c-avatar js-container"
    >
      
			
      <a
        class="c-avatar__link js-link"
      >
        
				
        <img
          class="js-image"
        />
        
			
      </a>
      
		
    </figure>
    
	
  </c-avatar>
</body>
`;

exports[`AvatarElement metadata 1`] = `
{
  "stylesheet": undefined,
  "tagName": "c-avatar",
  "template": "
		<figure class="c-avatar js-container">
			<a class="c-avatar__link js-link">
				<img class="js-image">
			</a>
		</figure>
	",
}
`;

exports[`AvatarElement references 1`] = `
Map {
  "container" => null,
  "link" => null,
  "image" => null,
}
`;
