// Jest Snapshot v1, https://goo.gl/fbAQLP

exports[`AvatarComponent Link = "http://google.com"; Image = "undefined" Light DOM 1`] = `
<c-avatar
  data-link="http://google.com"
/>
`;

exports[`AvatarComponent Link = "http://yandex.ru"; Image = "http://protosite.rocks/pictures/ava.gif" Light DOM 1`] = `
<c-avatar
  data-image="http://protosite.rocks/pictures/ava.gif"
  data-link="http://yandex.ru"
>
  <img
    slot="image"
    src="http://protosite.rocks/pictures/ava.gif"
  />
</c-avatar>
`;

exports[`AvatarComponent Link = "undefined"; Image = "http://protosite.rocks/pictures/ava-1.gif" Light DOM 1`] = `<c-avatar />`;

exports[`AvatarComponent Link = "undefined"; Image = "undefined" Light DOM 1`] = `<c-avatar />`;

exports[`AvatarComponent Shadow DOM 1`] = `
HTMLCollection [
  <figure
    class="c-avatar"
  >
    
		
    <slot
      name="image"
    />
    
	
  </figure>,
]
`;
